// Jest Snapshot v1, https://goo.gl/fbAQLP

exports[`<SingleReminderDetails /> should render correctly 1`] = `
<div
  className="reminder__deatails"
>
  <div
    className="overlay invisible  "
    onClick={null}
    onKeyPress={[Function]}
    role="button"
    tabIndex="0"
  >
    <div
      className="modal invisible template-details"
      id=""
      onClick={[Function]}
      onKeyPress={[Function]}
      role="button"
      style={
        Object {
          "maxWidth": "504px",
        }
      }
      tabIndex="0"
    >
      <div
        className="modal-title-bar"
      >
        <div
          className="modal-title-text"
        >
          <div
            className="modal-title modal-title-word"
          >
            Passport Expiry Reminder
          </div>
          <div
            className="lable-text modal-bar"
          >
            <div />
          </div>
        </div>
        <button
          className="modal-close"
          onClick={[Function]}
          type="button"
        >
          <img
            alt="close"
            src="close.svg"
          />
        </button>
      </div>
      <div
        className="modal-content"
        id=""
      >
        <div
          className="reminder_details"
        >
          <div>
            <p
              className="frequncy_count"
            >
              Reminder
               
              1
            </p>
            <div
              className="reminder__condition"
            >
              <p>
                Passport Expiry
              </p>
              <span
                className="frequency"
              >
                To be sent 2 Months to Expiry
              </span>
            </div>
          </div>
          <div>
            <p
              className="frequncy_count"
            >
              Reminder
               
              2
            </p>
            <div
              className="reminder__condition"
            >
              <p>
                Passport Expiry
              </p>
              <span
                className="frequency"
              >
                To be sent 3 Weeks to Expiry
              </span>
            </div>
          </div>
        </div>
        <hr />
        <div
          className="submit-area"
        >
          <fieldset>
            <div
              className="submit-area"
            >
              <button
                className="bg-btn bg-btn--inactive"
                id="cancel"
                onClick={[Function]}
                type="button"
              >
                Cancel
              </button>
              <button
                className="bg-btn bg-btn--active"
                disabled={false}
                id="submit"
                onClick={[Function]}
                type="submit"
              >
                <undefined />
              </button>
            </div>
          </fieldset>
        </div>
      </div>
    </div>
  </div>
</div>
`;
