// Jest Snapshot v1, https://goo.gl/fbAQLP

exports[`<HtmlInput /> renders as expected 1`] = `
<input
  className=" undefined"
  value=""
/>
`;
