// Jest Snapshot v1, https://goo.gl/fbAQLP

exports[`<Input /> renders as expected 1`] = `
<div
  className="form-input  error"
>
  <label
    htmlFor="name"
  >
    Test label
    <span
      style={
        Object {
          "color": "red",
        }
      }
    >
       * 
    </span>
  </label>
  <input
    className="error "
    label="Test label"
    name="name"
    onBlur={[Function]}
    onChange={[Function]}
    type="text"
    value=""
  />
  <span
    className="error"
  >
    This field is required
  </span>
</div>
`;
