// Jest Snapshot v1, https://goo.gl/fbAQLP

exports[`<CentreCard /> renders correctly 1`] = `
<div
  className="mdl-cell mdl-cell--4 mdl-card centre-card-disabled"
>
  <Link
    id="thisGuesthouseLink"
    onClick={[Function]}
    replace={false}
    to="/residence/manage/guest-houses/guest-house-1"
  >
    <div
      className="mdl-card__media centre-card__image"
    >
      <img
        alt="an image"
        className="centre__image"
        onError={[Function]}
        src="https:someimage.png"
      />
    </div>
    <Button
      altText=""
      badge={null}
      badgeClass=""
      buttonClass="restore-acc-btn"
      buttonId=""
      disabled={false}
      imageClass="mdl-Icon"
      imageSrc=""
      onClick={[Function]}
      responsiveText=""
      reverseText={false}
      showBadge={false}
      text="Restore"
      textClass=""
    />
    <div
      className="mdl-card__supporting-text centre-info"
    >
      <div
        className="centre-info__container"
      >
        <div
          alt="Kigali, Rwanda flag"
          className="centre__flag"
          style={
            Object {
              "backgroundImage": "url(https://countryimage.png)",
            }
          }
        />
        <div>
          <p
            className="centre__name"
          >
            Guest House
          </p>
          <span
            className="centre__location"
          >
            Kigali, Rwanda
          </span>
        </div>
      </div>
    </div>
    <div
      className="mdl-card__actions centre__description"
    >
      <div
        className="centre__horizontal-line"
      />
      <div
        className="centre__facility"
      >
        <div
          className="centre__icon-container"
        >
          <img
            alt="Bed number"
            className="centre__icon"
            src="accomodation-grey.svg"
          />
          <span
            className="centre__facility-number"
          >
            5
          </span>
          Beds
        </div>
        <img
          alt="male"
          src="undefined"
          title="male"
        />
        <div
          className="centre__icon-container"
        >
          <img
            alt="Bathroom number"
            className="centre__icon"
            src="hot_tub_24px.svg"
          />
          <span
            className="centre__facility-number"
          >
            4
          </span>
          Bathrooms
        </div>
      </div>
    </div>
  </Link>
</div>
`;
