// Jest Snapshot v1, https://goo.gl/fbAQLP

exports[`<RadioButton /> should match snapshot 1`] = `
<div
  className="input-radio-button "
  onClick={[Function]}
  onKeyDown={[Function]}
  role="presentation"
/>
`;
