// Jest Snapshot v1, https://goo.gl/fbAQLP

exports[`<Dashboard /> renders correctly 1`] = `
<div
  id="dashboard"
>
  <FilterContext
    history={
      Object {
        "push": [Function],
      }
    }
    user={
      Object {
        "email": "william.sserubiri@andela.com",
        "id": 2,
      }
    }
  >
    <ContextConsumer>
      <Component />
    </ContextConsumer>
  </FilterContext>
  <TravelCalendar
    downloadCalendarAnalytics={[Function]}
    fetchCalendarAnalytics={[Function]}
    history={
      Object {
        "push": [Function],
      }
    }
    travelCalendar={
      Object {
        "isLoading": false,
        "travelCalendarData": Object {
          "data": Array [],
          "pagination": Object {},
          "travelCalendarError": "No records found",
        },
      }
    }
    user={
      Object {
        "email": "william.sserubiri@andela.com",
        "id": 2,
      }
    }
  />
</div>
`;
