// Jest Snapshot v1, https://goo.gl/fbAQLP

exports[`<OtherDocumentForm /> renders without crashing 1`] = `
<div>
  <form
    className="travel-document-form"
    key=".0"
    onSubmit={[Function]}
  >
    <div
      className="travel-document-select-file"
    >
      <p
        className="attach-document-text"
      >
        Attach the image or PDF of your  document
      </p>
      <div
        className="document-input__input-container"
      >
        <label
          className="document-input__input-container__prompts"
          htmlFor="select-file"
        >
          <div
            className="document-input__input-container__prompts__img"
          >
            <img
              alt="Document Upload"
              src="document-upload-blue.svg"
            />
          </div>
          <div
            className="document-input__input-container__prompts__text"
          >
            <p>
              Choose from computer
            </p>
            <p
              className="maximum-file-size"
            >
              Maximum file size - 10MB
            </p>
          </div>
          <input
            accept="image/jpg, image/png, application/pdf"
            id="select-file"
            onChange={[Function]}
            type="file"
          />
        </label>
      </div>
    </div>
    <hr />
    <div
      className="travel-document-submit-area"
    >
      <fieldset>
        <div
          className="submit-area"
        >
          <button
            className="bg-btn bg-btn--inactive"
            disabled={false}
            id="cancel"
            onClick={[Function]}
            type="button"
          >
            Cancel
          </button>
          <button
            className="bg-btn bg-btn--active"
            disabled={true}
            id="submit"
            type="submit"
          >
            <undefined />
          </button>
        </div>
      </fieldset>
    </div>
  </form>
</div>
`;
