// Jest Snapshot v1, https://goo.gl/fbAQLP

exports[`should render approvals header correctly 1`] = `
<div
  className="request-panel-header"
>
  <PageHeader
    actionBtn=""
    actionBtnClickHandler={null}
    addLink={false}
    icon="back-icon.svg"
    iconLink=""
    isLoading={false}
    location=""
    openModal={[Function]}
    title="MANAGER APPROVALS"
    titleClassName="title"
  />
</div>
`;
