// Jest Snapshot v1, https://goo.gl/fbAQLP

exports[`<ListEmailTemplates /> renders without crashing 1`] = `
Array [
  <div
    className="list-templates"
>
    <div
        className="table__container"
    >
        <table
            className="mdl-data-table mdl-js-data-table readiness-table"
        >
            <thead>
                <tr>
                    <th
                        className="mdl-data-table__cell--non-numeric table__head"
                    >
                        Template Name
                    </th>
                    <th
                        className="mdl-data-table__cell--non-numeric table__head pl-sm-100d description-left"
                    >
                        <span />
                    </th>
                    <th
                        className="mdl-data-table__cell--non-numeric table__head pl-sm-100d description-left"
                    >
                        Created By
                    </th>
                    <th
                        className="mdl-data-table__cell--non-numeric table__head pl-sm-100d description-left"
                    >
                        <span />
                    </th>
                    <th
                        className="mdl-data-table__cell--non-numeric table__head"
                    >
                        Created On
                    </th>
                    <th
                        className="mdl-data-table__cell--non-numeric table__head"
                    />
                </tr>
            </thead>
            <tbody
                className="table__body"
            >
                <tr
                    className="table__rows off"
                >
                    <td
                        className="mdl-data-table__cell--non-numeric table__data "
                    >
                        <span
                            className="template-name"
                            onClick={[Function]}
                            role="presentation"
                        />
                        <i
                            className="tiny material-icons"
                            onClick={[Function]}
                            role="presentation"
                        >
                            error
                        </i>
                    </td>
                    <td
                        className="mdl-data-table__cell--non-numeric table__data"
                    >
                        <span />
                    </td>
                    <td
                        className="mdl-data-table__cell--non-numeric table__data"
                    />
                    <td
                        className="mdl-data-table__cell--non-numeric table__data"
                    >
                        <span />
                    </td>
                    <td
                        className="mdl-data-table__cell--non-numeric table__data"
                    >
                        21-01-2019
                    </td>
                    <td
                        className="table__data"
                    >
                        <span>
                            <i
                                className="fa fa-ellipsis-v on"
                                id="toggleIcon"
                                onClick={[Function]}
                                role="presentation"
                            />
                            <div
                                className="table__menu-container "
                            >
                                <ul
                                    className="table__menu-list"
                                >
                                    <li
                                        className="table__menu-list-item bottom"
                                        id="setItem"
                                        onClick={[Function]}
                                        role="presentation"
                                    >
                                        <span
                                            className="enable"
                                        >
                                            Enable
                                        </span>
                                    </li>
                                </ul>
                            </div>
                        </span>
                    </td>
                </tr>
            </tbody>
        </table>
    </div>
</div>,
  <div>
    <div />
    <div
        className="reminder-email-templates"
    >
        <div
            className="pagination"
        >
            <button
                className="pagination__button"
                disabled={false}
                id="previous-button"
                onClick={[Function]}
                type="button"
            >
                <span
                    className=""
                >
                    Previous
                </span>
                <span
                    className=" mdl-cell--hide-desktop mdl-cell--hide-tablet"
                >
                    Previous
                </span>
            </button>
            <div
                className="pagination__items"
            >
                <span
                    className="pagination__page"
                >
                    Page
                </span>
                <div
                    className="pagination__current-page"
                    id="current-page"
                >
                    3
                </div>
                of
                <span
                    className="pagination__all-pages"
                    id="page-count"
                >
                    3
                </span>
            </div>
            <button
                className="pagination__button"
                disabled={true}
                id="next-button"
                onClick={[Function]}
                type="button"
            >
                <span
                    className=""
                >
                    Next
                </span>
                <span
                    className=" mdl-cell--hide-desktop mdl-cell--hide-tablet"
                >
                    Next
                </span>
            </button>
        </div>
    </div>
</div>,
]
`;
