// Jest Snapshot v1, https://goo.gl/fbAQLP

exports[`Renders renders correctly 1`] = `
<div
  className="overlay invisible  "
  onClick={null}
  onKeyPress={[Function]}
  role="button"
  tabIndex="0"
>
  <div
    className="modal invisible delete-checklist-item__disable"
    id=""
    onClick={[Function]}
    onKeyPress={[Function]}
    role="button"
    style={
      Object {
        "maxWidth": "",
      }
    }
    tabIndex="0"
  >
    <div
      className="modal-title-bar"
    >
      <div
        className="modal-title-text"
      >
        <div
          className="modal-title modal-title-word"
        >
          Disable Reason
        </div>
        <div
          className="lable-text modal-bar"
        >
          <div />
        </div>
      </div>
      <button
        className="modal-close"
        onClick={[Function]}
        type="button"
      >
        <img
          alt="close"
          src="close.svg"
        />
      </button>
    </div>
    <div
      className="modal-content"
      id=""
    >
      <span>
        <p
          className="delete-checklist-item__reason"
        />
        <textarea
          className="delete-checklist-item__input disabled"
          defaultValue="Not working"
          disabled={true}
          onChange={[Function]}
          type="text"
        />
        <div
          className="delete-checklist-item__hr"
        />
        <fieldset>
          <div
            className="submit-area"
          >
            <button
              className="bg-btn bg-btn--inactive"
              id="cancel"
              onClick={[Function]}
              type="button"
            >
              Cancel
            </button>
          </div>
        </fieldset>
      </span>
    </div>
  </div>
</div>
`;
