// Jest Snapshot v1, https://goo.gl/fbAQLP

exports[`UserComments component should match snapshot 1`] = `
<div
  className="modal__user-info"
>
  <img
    alt="avatar"
    className="modal__oval"
    src="http://my-image"
  />
  <div>
    <div />
    <div
      className="user-role"
    >
      N/A , 
                     N/A
    </div>
  </div>
</div>
`;
