// Jest Snapshot v1, https://goo.gl/fbAQLP

exports[`<TripsPerMonthPlaceholder /> should render without crashing 1`] = `
<ContentLoader
  height={250}
  primaryColor="#dfdfdf"
  secondaryColor="#ffffff"
  speed={1.5}
  width={500}
>
  <rect
    height="11.52"
    rx="0"
    ry="0"
    width="172.54"
    x="7.33"
    y="3.61"
  />
  <rect
    height="28.12"
    rx="0"
    ry="0"
    width="132.99"
    x="394.63"
    y="1.61"
  />
  <rect
    height="0.85"
    rx="0"
    ry="0"
    width="525.5"
    x="7.67"
    y="75.61"
  />
  <rect
    height="10.66"
    rx="0"
    ry="0"
    width="71.1"
    x="7.63"
    y="51.61"
  />
  <rect
    height="9.79"
    rx="0"
    ry="0"
    width="112.91"
    x="228.63"
    y="50.74"
  />
  <rect
    height="171"
    rx="0"
    ry="0"
    width="530"
    x="3.63"
    y="89.61"
  />
</ContentLoader>
`;
